// Vitest Snapshot v1, https://vitest.dev/guide/snapshot.html

exports[`flywheel_capabilities — payload shape against the live TOOLS list > snapshot of the structural skeleton (counts + presence, not full content) 1`] = `
{
  "data": {
    "contract_version": 1,
    "deprecated_tool_count": 27,
    "doctor_check_count": 24,
    "env_var_count": 26,
    "error_code_count": 47,
    "exit_code_count": 6,
    "first_tool_name": "flywheel_advance_wave",
    "kind": "capabilities",
    "last_tool_name": "orch_wrap_up_gate",
    "mcp_tool_count": 54,
    "primary_tool_count": 27,
  },
  "phase": "idle",
  "status": "ok",
  "tool": "flywheel_capabilities",
  "version": 1,
}
`;
